before they sold out whatever shabby chic, microdosing af gochujang biodiesel kinfolk chia synth pitchfork. Actually vice ugh activated charcoal woke gluten-free raw denim jianbing microdosing XOXO gentrify. Pickled narwhal hella swag tote bag chillwave scenester 8-bit listicle polaroid vegan wayfarers portland vaporware coloring book. 3 wolf moon live-edge palo santo farm-to-table DIY gentrify pitchfork echhipsum$ git commit -m "mas ipsun para hipster"
[master e88169c] mas ipsun para hipster
 1 file changed, 5 insertions(+), 1 deletion(-)

rbrito@RBRITOW7 MINGW64 ~/projects/starter-web (master)
$ git status
On branch master
Your branch is ahead of 'origin/master' by 3 commits.
  (use "git push" to publish your local commits)

nothing to commit, working tree clean
